<?xml version="1.0" encoding="UTF-8" ?>
<testsuites name="vitest tests" tests="1" failures="1" errors="0" time="1193.155">
    <testsuite name="tests/integration/comparisonFlow.test.tsx" timestamp="2025-10-14T00:08:40.607Z" hostname="DESKTOP-5SUHK24" tests="1" failures="1" errors="0" skipped="0" time="0.2028513">
        <testcase classname="tests/integration/comparisonFlow.test.tsx" name="Broker Comparison Flow &gt; allows a user to add a broker to comparison and view it on the compare page" time="0.1988312">
            <failure message="useAuth must be used within an AuthProvider" type="Error">
Error: useAuth must be used within an AuthProvider
 ❯ Module.useAuth hooks/useAuth.ts:9:11
 ❯ AllBrokersPage pages/AllBrokersPage.tsx:204:20
 ❯ Object.react_stack_bottom_frame node_modules/react-dom/cjs/react-dom-client.development.js:25904:20
 ❯ renderWithHooks node_modules/react-dom/cjs/react-dom-client.development.js:7662:22
 ❯ updateFunctionComponent node_modules/react-dom/cjs/react-dom-client.development.js:10166:19
 ❯ beginWork node_modules/react-dom/cjs/react-dom-client.development.js:11778:18
 ❯ runWithFiberInDEV node_modules/react-dom/cjs/react-dom-client.development.js:874:13
 ❯ performUnitOfWork node_modules/react-dom/cjs/react-dom-client.development.js:17641:22
 ❯ workLoopSync node_modules/react-dom/cjs/react-dom-client.development.js:17469:41
 ❯ renderRootSync node_modules/react-dom/cjs/react-dom-client.development.js:17450:11
            </failure>
        </testcase>
    </testsuite>
</testsuites>
